================================================================================
SHIELD // RESTRICTED ARCHIVE LOG — NODE-17 RECOVERY JOURNAL
CLASSIFICATION: RESTRICTED // INTERNAL USE ONLY
STATUS: QUARANTINED DATA RECOVERY
================================================================================

RECOVERY FRAGMENT

fragment_id=K7
sequence=4
payload=GNNFOSTG

RECOVERY FRAGMENT

fragment_id=Q2
sequence=1
payload=KUYGQSSS

RECOVERY FRAGMENT

fragment_id=M9
sequence=6
payload=GIYWSWSU

RECOVERY FRAGMENT

fragment_id=A3
sequence=2
payload=KV4EKZL2

RECOVERY FRAGMENT

fragment_id=X5
sequence=7
payload=KI3GMUJ5HU======

RECOVERY FRAGMENT

fragment_id=P8
sequence=3
payload=MRXU2MJZ

RECOVERY FRAGMENT

fragment_id=R4
sequence=5
payload=MNWVM5CN

================================================================================
END OF ARCHIVE JOURNAL // 7 FRAGMENTS RECORDED
================================================================================
